============[ DirectXShaderCompiler-1.8.2403-alt0.3 ]============
+ mkdir -p i586-alt-linux
+ cmake -DCMAKE_POLICY_VERSION_MINIMUM=3.5 -DCMAKE_SKIP_INSTALL_RPATH:BOOL=yes '-DCMAKE_C_FLAGS:STRING=-pipe -frecord-gcc-switches -Wall -g -O2  -march=i586 -mtune=generic' '-DCMAKE_CXX_FLAGS:STRING=-pipe -frecord-gcc-switches -Wall -g -O2  -march=i586 -mtune=generic' '-DCMAKE_Fortran_FLAGS:STRING=-pipe -frecord-gcc-switches -Wall -g -O2  -march=i586 -mtune=generic' -DCMAKE_INSTALL_PREFIX=/usr -DINCLUDE_INSTALL_DIR:PATH=/usr/include -DLIB_INSTALL_DIR:PATH=/usr/lib -DSYSCONF_INSTALL_DIR:PATH=/etc -DSHARE_INSTALL_PREFIX:PATH=/usr/share -DLIB_DESTINATION=lib -DLIB_SUFFIX= -S . -B i586-alt-linux -GNinja -DCMAKE_BUILD_TYPE=RelWithDebInfo -DCMAKE_C_COMPILER=gcc -DCMAKE_CXX_COMPILER=c++ -DSPIRV-Headers_SOURCE_DIR=/usr -DSPIRV_BUILD_TESTS=OFF -C ./cmake/caches/PredefinedParams.cmake
loading initial cache file ./cmake/caches/PredefinedParams.cmake
Problem opening /proc/meminfo
CMake Error at CMakeLists.txt:26 (cmake_policy):
  Policy CMP0051 may not be set to OLD behavior because this version of CMake
  no longer supports it.  The policy was introduced in CMake version 3.1.0,
  and use of NEW behavior is now required.




============[ DirectXShaderCompiler-1.8.2403-alt0.3 ]============
Problem opening /proc/meminfo
-- Performing Test CXX_SUPPORTS_UNUSED_BUT_SET_VARIABLE - Success
-- Performing Test C_SUPPORTS_DEPRECATED_COPY
Problem opening /proc/meminfo
-- Performing Test C_SUPPORTS_DEPRECATED_COPY - Failed
-- Performing Test CXX_SUPPORTS_DEPRECATED_COPY
Problem opening /proc/meminfo
-- Performing Test CXX_SUPPORTS_DEPRECATED_COPY - Success
-- Performing Test CXX_SUPPORTS_MISSING_FIELD_INITIALIZERS_FLAG



============[ DirectXShaderCompiler-1.8.2403-alt0.3 ]============
Problem opening /proc/meminfo
-- Performing Test CXX_SUPPORTS_MISSING_FIELD_INITIALIZERS_FLAG - Success
-- Performing Test C_WCOMMENT_ALLOWS_LINE_WRAP
Problem opening /proc/meminfo
-- Performing Test C_WCOMMENT_ALLOWS_LINE_WRAP - Failed
-- Performing Test C_SUPPORTS_FNO_FUNCTION_SECTIONS
Problem opening /proc/meminfo
-- Performing Test C_SUPPORTS_FNO_FUNCTION_SECTIONS - Success
-- Performing Test C_SUPPORTS_FFUNCTION_SECTIONS



============[ DirectXShaderCompiler-1.8.2403-alt0.3 ]============
-- Could NOT find LibXml2 (missing: LIBXML2_LIBRARY LIBXML2_INCLUDE_DIR) 
-- Clang version: 3.7.0
-- Performing Test CXX_SUPPORTS_NO_NESTED_ANON_TYPES_FLAG
Problem opening /proc/meminfo
-- Performing Test CXX_SUPPORTS_NO_NESTED_ANON_TYPES_FLAG - Failed
-- Configuring incomplete, errors occurred!
error: Bad exit status from /usr/src/tmp/rpm-tmp.79266 (%build)





============[ DirectXShaderCompiler-1.8.2403-alt0.3 ]============
-- Clang version: 3.7.0
-- Performing Test CXX_SUPPORTS_NO_NESTED_ANON_TYPES_FLAG
Problem opening /proc/meminfo
-- Performing Test CXX_SUPPORTS_NO_NESTED_ANON_TYPES_FLAG - Failed
-- Configuring incomplete, errors occurred!
error: Bad exit status from /usr/src/tmp/rpm-tmp.79266 (%build)


RPM build errors:



============[ DirectXShaderCompiler-1.8.2403-alt0.3 ]============
-- Performing Test CXX_SUPPORTS_NO_NESTED_ANON_TYPES_FLAG
Problem opening /proc/meminfo
-- Performing Test CXX_SUPPORTS_NO_NESTED_ANON_TYPES_FLAG - Failed
-- Configuring incomplete, errors occurred!
error: Bad exit status from /usr/src/tmp/rpm-tmp.79266 (%build)


RPM build errors:
    Bad exit status from /usr/src/tmp/rpm-tmp.79266 (%build)



============[ DirectXShaderCompiler-1.8.2403-alt0.3 ]============
-- Configuring incomplete, errors occurred!
error: Bad exit status from /usr/src/tmp/rpm-tmp.79266 (%build)


RPM build errors:
    Bad exit status from /usr/src/tmp/rpm-tmp.79266 (%build)
Command exited with non-zero status 1
7.69user 5.33system 0:14.15elapsed 92%CPU (0avgtext+0avgdata 32564maxresident)k
0inputs+0outputs (0major+754019minor)pagefaults 0swaps



============[ DirectXShaderCompiler-1.8.2403-alt0.3 ]============
    Bad exit status from /usr/src/tmp/rpm-tmp.79266 (%build)
Command exited with non-zero status 1
7.69user 5.33system 0:14.15elapsed 92%CPU (0avgtext+0avgdata 32564maxresident)k
0inputs+0outputs (0major+754019minor)pagefaults 0swaps
hsh-rebuild: rebuild of `DirectXShaderCompiler-1.8.2403-alt0.3.src.rpm' failed.
Command exited with non-zero status 1
5.06user 3.00system 0:32.11elapsed 25%CPU (0avgtext+0avgdata 131028maxresident)k
1208inputs+0outputs (0major+293655minor)pagefaults 0swaps




============[ GMT-6.4.0-alt1_10 ]============
+ LDFLAGS=-Wl,-z,relro
+ export LDFLAGS
+ /usr/bin/cmake -S . -B i586-alt-linux -DCMAKE_INSTALL_LIBDIR:PATH=/usr/lib -DCMAKE_VERBOSE_MAKEFILE:BOOL=ON -DCMAKE_INSTALL_PREFIX:PATH=/usr -DINCLUDE_INSTALL_DIR:PATH=/usr/include -DLIB_INSTALL_DIR:PATH=/usr/lib -DSYSCONF_INSTALL_DIR:PATH=/etc -DSHARE_INSTALL_PREFIX:PATH=/usr/share -DBUILD_SHARED_LIBS:BOOL=ON -DCMAKE_INSTALL_LIBDIR=lib -DGSHHG_ROOT=/usr/share/gshhg-gmt-nc4 -DGMT_INSTALL_MODULE_LINKS=on -DGMT_INSTALL_TRADITIONAL_FOLDERNAMES=off -DLICENSE_RESTRICTED=LGPL -DGMT_ENABLE_OPENMP=BOOL:ON -DGMT_USE_THREADS=BOOL:ON -DGMT_EXCLUDE_BLAS=BOOL:ON -DGMT_EXCLUDE_LAPACK=BOOL:ON -DBLAS_LIBRARY=-lflexiblas -DLAPACK_LIBRARY=-lflexiblas -DBASH_COMPLETION_DIR=/usr/share/bash-completion/completions
Problem opening /proc/meminfo
CMake Error at CMakeLists.txt:49 (cmake_minimum_required):
  Compatibility with CMake < 3.5 has been removed from CMake.

  Update the VERSION argument <min> value.  Or, use the <min>...<max> syntax
  to tell CMake that the project requires at least <min> but has been updated



============[ GMT-6.4.0-alt1_10 ]============

  Or, add -DCMAKE_POLICY_VERSION_MINIMUM=3.5 to try configuring anyway.


-- Configuring incomplete, errors occurred!
error: Bad exit status from /usr/src/tmp/rpm-tmp.77443 (%build)


RPM build errors:



============[ GMT-6.4.0-alt1_10 ]============
  Or, add -DCMAKE_POLICY_VERSION_MINIMUM=3.5 to try configuring anyway.


-- Configuring incomplete, errors occurred!
error: Bad exit status from /usr/src/tmp/rpm-tmp.77443 (%build)


RPM build errors:
    Bad exit status from /usr/src/tmp/rpm-tmp.77443 (%build)



============[ GMT-6.4.0-alt1_10 ]============
-- Configuring incomplete, errors occurred!
error: Bad exit status from /usr/src/tmp/rpm-tmp.77443 (%build)


RPM build errors:
    Bad exit status from /usr/src/tmp/rpm-tmp.77443 (%build)
Command exited with non-zero status 1
2.85user 0.49system 0:03.10elapsed 108%CPU (0avgtext+0avgdata 66576maxresident)k
0inputs+0outputs (0major+37241minor)pagefaults 0swaps



============[ GMT-6.4.0-alt1_10 ]============
    Bad exit status from /usr/src/tmp/rpm-tmp.77443 (%build)
Command exited with non-zero status 1
2.85user 0.49system 0:03.10elapsed 108%CPU (0avgtext+0avgdata 66576maxresident)k
0inputs+0outputs (0major+37241minor)pagefaults 0swaps
hsh-rebuild: rebuild of `GMT-6.4.0-alt1_10.src.rpm' failed.
Command exited with non-zero status 1
7.59user 4.50system 1:05.04elapsed 18%CPU (0avgtext+0avgdata 133704maxresident)k
60872inputs+0outputs (0major+443413minor)pagefaults 0swaps




